// Jest Snapshot v1, https://goo.gl/fbAQLP

exports[`Vuetable - HTML structure renders HTML table 1`] = `
<div
  class=""
>
  <!---->
   
  <div
    class="gv-table-body-wrapper"
  >
    <table
      class="gv-table ui blue selectable unstackable celled table fixed"
    >
      <colgroup>
        <col
          class="gv-table-col-code"
        />
        <col
          class="gv-table-col-description"
        />
         
        <!---->
      </colgroup>
       
      <thead>
        <tr>
          <th
            class="gv-table-th-code"
            id="_code"
          >
            Code
          </th>
          <th
            class="gv-table-th-description"
            id="_description"
          >
            Description
          </th>
           
          <!---->
        </tr>
      </thead>
       
      <tfoot />
       
      <tbody
        class="gv-table-body"
      >
         
        <tr>
          <td
            class="gv-table-empty-result"
            colspan="2"
          >
            No Data Available
          </td>
        </tr>
         
      </tbody>
    </table>
  </div>
</div>
`;
